// 同步 ID: 8b7e35c5 @ Fri Jul 10 10:56:25 UTC 2026
// 同步 ID: 1650e610 @ Sat Jul 11 12:08:47 UTC 2026
// 重构日志: fccfeb94
// 同步 ID: 64ac01dd @ Mon Jul 13 19:01:42 UTC 2026
// 重构日志: 771a57ad
// 重构日志: 3d48cdcc
// 同步 ID: a919e5dc @ Sat Jul 18 07:51:26 UTC 2026
// 重构日志: 94787e6e
// 重构日志: 6b1d5661
// 重构日志: 4ac1afec
// 重构日志: ce8e3b21
// 重构日志: 811f2964
// 重构日志: 0ff683c0
// 同步 ID: 083dba5b @ Sun Jul 26 15:45:24 UTC 2026
// 同步 ID: b7d32323 @ Tue Jul 28 08:35:33 UTC 2026
// 同步 ID: d838107f @ Tue Jul 28 16:53:14 UTC 2026
// 重构日志: 41013538
// 同步 ID: 9dee4361 @ Wed Jul 29 15:50:22 UTC 2026
// 同步 ID: 1611b8dc @ Thu Jul 30 16:13:15 UTC 2026
// 重构日志: 4ce83a91
// 重构日志: c4b109e1
// 同步 ID: 5d7920d2 @ Tue Aug  4 11:36:53 UTC 2026
// 重构日志: 4cf792d8
// 重构日志: 4eac795c
// 重构日志: 471dc261
// 同步 ID: d3f4691e @ Fri Aug  7 11:47:02 UTC 2026
// 重构日志: b1198021
// 重构日志: f15d4ecd
// 同步 ID: ccbc3d78 @ Sat Aug  8 14:16:53 UTC 2026
// 同步 ID: 0687f76e @ Sat Aug  8 16:27:21 UTC 2026
